// Jest Snapshot v1, https://goo.gl/fbAQLP

exports[`renders home page 1`] = `
<div
  className="Home"
>
  <h2>
    Welcome to our page!
  </h2>
  <p>
    Lorem ipsum dolor sit amet, consectetur adipisicing elit, sed do eiusmod tempor labore et dolore magna aliqua. Ut enim ad minim veniam, quis nostrud exercitation ullamco laboris nisi ut aliquip Duis aute irure dolor in reprehenderit in voluptate velit esse cillum dolore eu fugiat nulla pariatur. cupidatat non proident, sunt in culpa qui o!cia deserunt mollit anim id est laborum. Ipsu Lorem ipsum dolor sit amet, consectetur adipisicing elit, sed do eiusmod tempor et dolore magna aliqua. Ut
    <br />
    <br />
    enim ad minim veniam, quis nostrud exercitation ullamco laboris nisi ut aliquip is aute irure dolor in reprehenderit in voluptate velit esse cillum dolore eu fugiat nulla pariatur. cat cupidatat non proident, sunt in culpa qui o!cia deserunt mollit anim id est laborum. Ipsu
  </p>
</div>
`;
